[
["Ollie", "El Ollie es la base del freestyle y es el primer truco que todo skater debe aprender. Consiste, básicamente, en saltar haciendo pop."],
["Pop Shove It", "Este truco es muy sencillo y puedes aprenderlo primero sin pop. Consiste en que la tabla gire 180º"],
["Frontside", "El Frontside es un Ollie con un giro de 180 grados hacia atrás. Para hacer este truco ya deberás tener cierta soltura con el skate y un buen Ollie."],
["Backside", "El Backside Ollie es el contrario del Frontside Ollie y es algo más complicado que el FS Ollie debido a que es más fácil perder el equilibrio."],
["Kickflip", "El Kickflip es uno de los trucos más guapos y sencillos del skate. Consiste en darle la vuelta al skate raspando con la punta de tu pie delantero hacia atrás."],
["Heelflip", "El Heelflip es el contrario del Kickflip y es otro de los trucos más básicos del skate. Está muy guapo y es bastante fácil."],
["Fakie Ollie", "Es el mismo que el Ollie pero llendo marcha atras"],
["Nollie", "Igual que el ollie pero haces pop con el pie delantero en vez de con el trasero"],
["Switch Ollie", "es como el ollie normal pero cambiando los pies de posición"],
["Varial Flip", "El Varial Flip consiste en la unión de un Kickflip y un Pop Shove It. Este truco es más fácil de lo que parece. "],
["Varial Hellflip", "El Varial Heelflip consiste en la unión de un Heelflip y un Frontside Pop Shove It."]
]
